>>> add_integer = __import__('0-add_integer').add_integer
>>> add_integer(0, 0)
0
>>> add_integer(-1, 1)
0
>>> add_integer(-2, -2)
-4
>>> add_integer(2.1, 3.0)
5
>>> add_integer(2)
100
>>> add_integer(2, "plus")
Traceback (most recent call last):
TypeError: b must be an integer
>>> add_integer("addition", 6)
Traceback (most recent call last):
TypeError: a must be an integer
>>> add_integer(None)
Traceback (most recent call last):
TypeError: a must be an integer
>>> add_integer(3, float(a))
Traceback (most recent call last):
NameError: name 'a' is not defined
>>> add_integer(float('inf'), 1)
Traceback (most recent call last):
OverflowError: cannot convert float infinity to integer
>>> add_integer(float('nan'), 1)
Traceback (most recent call last):
ValueError: cannot convert float NaN to integer
